// Jest Snapshot v1, https://goo.gl/fbAQLP

exports[`TextareaAutosize renders correctly 1`] = `
<textarea
  defaultValue="Initial Value"
  onChange={[Function]}
  rows={1}
  style={undefined}
/>
`;

exports[`build build script generates every needed file 1`] = `
Array [
  "TextareaAutosize.d.ts",
  "TextareaAutosize.js",
  "index.d.ts",
  "index.js",
]
`;
